07-03-2025 11:29
Pulling latest changes from git...
Git pull completed successfully:
From github.com:ERAsoft-LLC/era-elan
 * branch            main       -> FETCH_HEAD
Already up to date.
Updating Composer dependencies...
Composer dependencies updated successfully:
Content-type: text/html; charset=UTF-8

Warning: Composer should be invoked via the CLI version of PHP, not the cgi-fcgi SAPI
PHP Warning:  Undefined array key "argv" in phar:///opt/cpanel/composer/bin/composer/bin/composer on line 87
<br />
<b>Warning</b>:  Undefined array key "argv" in <b>phar:///opt/cpanel/composer/bin/composer/bin/composer</b> on line <b>87</b><br />
PHP Warning:  Trying to access array offset on null in phar:///opt/cpanel/composer/bin/composer/bin/composer on line 87
<br />
<b>Warning</b>:  Trying to access array offset on null in <b>phar:///opt/cpanel/composer/bin/composer/bin/composer</b> on line <b>87</b><br />
PHP Deprecated:  realpath(): Passing null to parameter #1 ($path) of type string is deprecated in phar:///opt/cpanel/composer/bin/composer/bin/composer on line 87
<br />
<b>Deprecated</b>:  realpath(): Passing null to parameter #1 ($path) of type string is deprecated in <b>phar:///opt/cpanel/composer/bin/composer/bin/composer</b> on line <b>87</b><br />
   ______
  / ____/___  ____ ___  ____  ____  ________  _____
 / /   / __ \/ __ `__ \/ __ \/ __ \/ ___/ _ \/ ___/
/ /___/ /_/ / / / / / / /_/ / /_/ (__  )  __/ /
\____/\____/_/ /_/ /_/ .___/\____/____/\___/_/
                    /_/
Composer version 2.6.5 2023-10-06 10:11:52

Usage:
  command [options] [arguments]

Options:
  -h, --help                     Display help for the given command. When no command is given display help for the list command
  -q, --quiet                    Do not output any message
  -V, --version                  Display this application version
      --ansi|--no-ansi           Force (or disable --no-ansi) ANSI output
  -n, --no-interaction           Do not ask any interactive question
      --profile                  Display timing and memory usage information
      --no-plugins               Whether to disable plugins.
      --no-scripts               Skips the execution of all scripts defined in composer.json file.
  -d, --working-dir=WORKING-DIR  If specified, use the given directory as working directory.
      --no-cache                 Prevent use of the cache
  -v|vv|vvv, --verbose           Increase the verbosity of messages: 1 for normal output, 2 for more verbose output and 3 for debug

Available commands:
  about                Shows a short information about Composer
  archive              Creates an archive of this composer package
  audit                Checks for security vulnerability advisories for installed packages
  browse               [home] Opens the package's repository URL or homepage in your browser
  bump                 Increases the lower limit of your composer.json requirements to the currently installed versions
  check-platform-reqs  Check that platform requirements are satisfied
  clear-cache          [clearcache|cc] Clears composer's internal package cache
  completion           Dump the shell completion script
  config               Sets config options
  create-project       Creates new project from a package into given directory
  depends              [why] Shows which packages cause the given package to be installed
  diagnose             Diagnoses the system to identify common errors
  dump-autoload        [dumpautoload] Dumps the autoloader
  exec                 Executes a vendored binary/script
  fund                 Discover how to help fund the maintenance of your dependencies
  global               Allows running commands in the global composer dir ($COMPOSER_HOME)
  help                 Display help for a command
  init                 Creates a basic composer.json file in current directory
  install              [i] Installs the project dependencies from the composer.lock file if present, or falls back on the composer.json
  licenses             Shows information about licenses of dependencies
  list                 List commands
  outdated             Shows a list of installed packages that have updates available, including their latest version
  prohibits            [why-not] Shows which packages prevent the given package from being installed
  reinstall            Uninstalls and reinstalls the given package names
  remove               [rm] Removes a package from the require or require-dev
  require              [r] Adds required packages to your composer.json and installs them
  run-script           [run] Runs the scripts defined in composer.json
  search               Searches for packages
  self-update          [selfupdate] Updates composer.phar to the latest version
  show                 [info] Shows information about packages
  status               Shows a list of locally modified packages
  suggests             Shows package suggestions
  update               [u|upgrade] Updates your dependencies to the latest version according to composer.json, and updates the composer.lock file
  validate             Validates a composer.json and composer.lock
Running database migrations...
Database migrations completed successfully:

  Dropping all tables .......................................... 298.46ms DONE

   INFO  Preparing database.

  Creating migration table ...................................... 12.07ms DONE

   INFO  Running migrations.

  0001_01_01_000000_create_users_table ......................... 133.32ms DONE
  0001_01_01_000001_create_cache_table .......................... 18.44ms DONE
  0001_01_01_000001_create_user_login_history_table ............. 77.28ms DONE
  0001_01_01_000001_create_user_preferences_table .............. 102.73ms DONE
  0001_01_01_000001_create_user_social_logins_table ............. 70.63ms DONE
  0001_01_01_000002_create_jobs_table ........................... 68.88ms DONE
  0001_01_01_000003_create_permission_table ..................... 87.87ms DONE
  0001_01_01_000005_create_notifications_table ................. 129.33ms DONE
  0001_01_01_000008_create_notification_deliveries_table ........ 46.82ms DONE
  0001_01_01_000010_create_advertisements_table ................ 116.06ms DONE
  0001_01_01_000011_create_personal_access_tokens_table ......... 44.19ms DONE
  0001_01_01_000012_create_languages_table ...................... 64.13ms DONE
  0001_01_01_000013_create_translates_table ..................... 46.96ms DONE
  0001_01_01_000014_create_settings_table ...................... 122.27ms DONE
  0001_01_01_000015_create_blocked_credentials_table ........... 121.97ms DONE
  0001_01_01_000016_create_telescope_entries_table ............. 147.14ms DONE
  0001_01_01_000017_create_activity_logs_table ................. 161.20ms DONE
  0001_01_01_000018_create_seo_links_table ..................... 251.12ms DONE
  0001_01_01_000019_create_voting_systems_table ................. 81.23ms DONE
  0001_01_01_000020_create_comments_table ...................... 137.40ms DONE
  0001_01_01_000021_create_complaints_table .................... 357.16ms DONE
  0001_01_01_000023_create_referrals_table ..................... 258.39ms DONE
  0001_01_01_000024_create_messages_table ...................... 490.10ms DONE
  0001_01_01_000025_create_location_table ...................... 736.06ms DONE
  0001_01_01_000026_create_mail_table .......................... 754.10ms DONE
  0001_01_01_000027_create_finance_table ....................... 421.89ms DONE
  2024_12_26_124546_create_categories_table .................... 140.08ms DONE
  2024_12_26_125843_create_attributes_table .................... 177.26ms DONE
  2024_12_26_125929_create_attribute_options_table ............. 279.52ms DONE
  2024_12_26_125930_create_category_attribute_table ............ 143.62ms DONE
  2024_12_26_125931_create_category_related_table .............. 196.34ms DONE
  2024_12_26_125932_create_category_voting_systems_table ........ 80.99ms DONE
  2024_12_26_125935_create_payment_services_table .............. 176.74ms DONE
  2024_12_26_125940_create_payment_service_options_table ........ 59.84ms DONE
  2024_12_26_125950_create_sections_table ...................... 154.37ms DONE
  2024_12_26_125955_create_section_categories_table ............. 70.51ms DONE
  2024_12_26_130105_create_company_types_table ................. 226.78ms DONE
  2024_12_26_130106_create_company_packages_table .............. 138.87ms DONE
  2024_12_26_130107_create_company_package_payment_services_table  67.15ms DONE
  2024_12_26_130109_create_company_benefits_table .............. 151.21ms DONE
  2024_12_26_130113_create_companies_table ..................... 152.52ms DONE
  2024_12_26_130114_create_company_banners_table ............... 139.26ms DONE
  2024_12_26_130115_create_company_categories_table ............. 95.41ms DONE
  2024_12_26_130116_create_company_voting_systems_table ......... 67.63ms DONE
  2024_12_26_130120_create_payments_table ...................... 233.12ms DONE
  2024_12_26_130403_create_listings_table ...................... 864.34ms DONE
  2024_12_26_212322_create_listing_attribute_values_table ...... 245.74ms DONE
  2024_12_26_212415_create_listing_views_table ................. 156.94ms DONE
  2024_12_27_103649_create_listing_reports_table ............... 180.36ms DONE
  2024_12_27_105156_create_listing_price_histories_table ........ 78.48ms DONE
  2024_12_27_105256_create_listing_favorites_table ............. 204.23ms DONE
  2024_12_27_113853_create_listing_analytics_table .............. 61.83ms DONE
  2024_12_27_113854_create_listing_images_table ................ 143.84ms DONE
  2024_12_27_113855_create_listing_payment_services_table ...... 188.64ms DONE
  2025_01_27_113059_create_terms_table .......................... 86.84ms DONE
  2025_01_30_175741_create_test_table ........................... 11.24ms DONE
  2025_01_30_180110_create_test2_table .......................... 10.42ms DONE
  2025_01_30_180710_create_test3_table .......................... 41.90ms DONE
  2025_01_30_181746_drop_test_table .............................. 7.38ms DONE
  2025_01_30_181755_drop_test2_table ............................. 7.08ms DONE
  2025_01_30_181802_drop_test3_table ............................. 6.30ms DONE
  2025_01_31_151223_create_stories_table ....................... 330.06ms DONE


   INFO  Seeding database.

  Database\Seeders\UserSeeder ........................................ RUNNING
  Database\Seeders\UserSeeder ................................. 18,302 ms DONE

  Database\Seeders\SettingSeeder ..................................... RUNNING
  Database\Seeders\SettingSeeder .................................. 83 ms DONE

  Database\Seeders\PermissionSeeder .................................. RUNNING
  Database\Seeders\PermissionSeeder .............................. 191 ms DONE

  Database\Seeders\TranslationSeeder ................................. RUNNING
  Database\Seeders\TranslationSeeder ............................. 257 ms DONE

  Database\Seeders\SeoLinkSeeder ..................................... RUNNING
  Database\Seeders\SeoLinkSeeder .................................. 46 ms DONE

  Database\Seeders\ActivityLogSeeder ................................. RUNNING
✅ 2500+ log uğurla yaradıldı!
+-------+-----------+-----------+---------+---------+
| Ümumi | Yaradılma | Yenilənmə | Silinmə | Xətalar |
+-------+-----------+-----------+---------+---------+
| 504   | 40        | 180       | 50      | 166     |
+-------+-----------+-----------+---------+---------+
  Database\Seeders\ActivityLogSeeder ........................... 8,669 ms DONE

  Database\Seeders\VotingSystemSeeder ................................ RUNNING
  Database\Seeders\VotingSystemSeeder ............................. 37 ms DONE

  Database\Seeders\BlockedCredentialSeeder ........................... RUNNING
BlockedCredential seed prosesi uğurla tamamlandı!
  Database\Seeders\BlockedCredentialSeeder ........................ 60 ms DONE

  Database\Seeders\PaymentServiceSeeder .............................. RUNNING
  Database\Seeders\PaymentServiceSeeder ........................... 94 ms DONE

  Database\Seeders\StorySeeder ....................................... RUNNING
+-----------------+-------+
| Metric          | Value |
+-----------------+-------+
| Total Stories   | 44    |
| Active Stories  | 41    |
| Store Stories   | 0     |
| Regular Stories | 0     |
| Total Views     | 650   |
| Average Views   | 14.77 |
+-----------------+-------+
  Database\Seeders\StorySeeder ................................... 680 ms DONE

  Database\Seeders\CompanyOptionsSeeder .............................. RUNNING
  Database\Seeders\CompanyOptionsSeeder .......................... 198 ms DONE

  Database\Seeders\LocationSeeder .................................... RUNNING
  Database\Seeders\LocationSeeder ................................ 755 ms DONE

  Database\Seeders\AttributeSeeder ................................... RUNNING
  Database\Seeders\AttributeSeeder ............................. 1,289 ms DONE

  Database\Seeders\CategorySeeder .................................... RUNNING
  Database\Seeders\CategorySeeder ................................ 915 ms DONE

  Database\Seeders\CompanySeeder ..................................... RUNNING
  Database\Seeders\CompanySeeder ............................... 1,301 ms DONE

  Database\Seeders\ListingSeeder ..................................... RUNNING
  Database\Seeders\ListingSeeder .............................. 41,480 ms DONE

  Database\Seeders\ReferralSeeder .................................... RUNNING
  Database\Seeders\ReferralSeeder ................................ 733 ms DONE

  Database\Seeders\CommentSeeder ..................................... RUNNING
Created 98 user profile comments
Created 129 listing comments
Created 56 company comments
Comments seeded successfully!
  Database\Seeders\CommentSeeder ................................. 499 ms DONE

  Database\Seeders\FinanceSeeder ..................................... RUNNING
  Database\Seeders\FinanceSeeder ................................. 243 ms DONE

  Database\Seeders\PaymentSeeder ..................................... RUNNING
  Database\Seeders\PaymentSeeder ................................. 378 ms DONE

  Database\Seeders\ComplaintSeeder ................................... RUNNING
  Database\Seeders\ComplaintSeeder ............................. 8,691 ms DONE

Update process completed successfully!
07-03-2025 11:38
Pulling latest changes from git...
Git pull completed successfully:
From github.com:ERAsoft-LLC/era-elan
 * branch            main       -> FETCH_HEAD
Already up to date.
Updating Composer dependencies...
Running database migrations...
Database migrations completed successfully:

  Dropping all tables .......................................... 334.26ms DONE

   INFO  Preparing database.

  Creating migration table ...................................... 11.64ms DONE

   INFO  Running migrations.

  0001_01_01_000000_create_users_table ......................... 158.54ms DONE
  0001_01_01_000001_create_cache_table .......................... 19.23ms DONE
  0001_01_01_000001_create_user_login_history_table ............. 77.29ms DONE
  0001_01_01_000001_create_user_preferences_table ............... 96.42ms DONE
  0001_01_01_000001_create_user_social_logins_table ............. 72.75ms DONE
  0001_01_01_000002_create_jobs_table ........................... 62.44ms DONE
  0001_01_01_000003_create_permission_table ..................... 94.77ms DONE
  0001_01_01_000005_create_notifications_table ................. 114.40ms DONE
  0001_01_01_000008_create_notification_deliveries_table ........ 50.17ms DONE
  0001_01_01_000010_create_advertisements_table ................ 149.16ms DONE
  0001_01_01_000011_create_personal_access_tokens_table ......... 46.01ms DONE
  0001_01_01_000012_create_languages_table ...................... 61.72ms DONE
  0001_01_01_000013_create_translates_table ..................... 43.01ms DONE
  0001_01_01_000014_create_settings_table ...................... 124.45ms DONE
  0001_01_01_000015_create_blocked_credentials_table ........... 126.99ms DONE
  0001_01_01_000016_create_telescope_entries_table ............. 167.60ms DONE
  0001_01_01_000017_create_activity_logs_table ................. 177.47ms DONE
  0001_01_01_000018_create_seo_links_table ..................... 215.93ms DONE
  0001_01_01_000019_create_voting_systems_table ................. 99.11ms DONE
  0001_01_01_000020_create_comments_table ...................... 137.69ms DONE
  0001_01_01_000021_create_complaints_table .................... 397.66ms DONE
  0001_01_01_000023_create_referrals_table ..................... 168.85ms DONE
  0001_01_01_000024_create_messages_table ...................... 442.59ms DONE
  0001_01_01_000025_create_location_table ...................... 743.98ms DONE
  0001_01_01_000026_create_mail_table .......................... 755.45ms DONE
  0001_01_01_000027_create_finance_table ....................... 397.02ms DONE
  2024_12_26_124546_create_categories_table .................... 115.73ms DONE
  2024_12_26_125843_create_attributes_table .................... 127.88ms DONE
  2024_12_26_125929_create_attribute_options_table ............. 171.45ms DONE
  2024_12_26_125930_create_category_attribute_table ............. 85.18ms DONE
  2024_12_26_125931_create_category_related_table ............... 52.88ms DONE
  2024_12_26_125932_create_category_voting_systems_table ........ 55.25ms DONE
  2024_12_26_125935_create_payment_services_table ............... 73.80ms DONE
  2024_12_26_125940_create_payment_service_options_table ........ 27.98ms DONE
  2024_12_26_125950_create_sections_table ...................... 104.05ms DONE
  2024_12_26_125955_create_section_categories_table ............. 55.82ms DONE
  2024_12_26_130105_create_company_types_table ................. 109.81ms DONE
  2024_12_26_130106_create_company_packages_table ............... 92.18ms DONE
  2024_12_26_130107_create_company_package_payment_services_table  56.52ms DONE
  2024_12_26_130109_create_company_benefits_table .............. 112.32ms DONE
  2024_12_26_130113_create_companies_table ..................... 125.89ms DONE
  2024_12_26_130114_create_company_banners_table ................ 66.98ms DONE
  2024_12_26_130115_create_company_categories_table ............. 84.40ms DONE
  2024_12_26_130116_create_company_voting_systems_table ......... 50.54ms DONE
  2024_12_26_130120_create_payments_table ...................... 154.65ms DONE
  2024_12_26_130403_create_listings_table ...................... 511.84ms DONE
  2024_12_26_212322_create_listing_attribute_values_table ...... 178.14ms DONE
  2024_12_26_212415_create_listing_views_table ................. 135.64ms DONE
  2024_12_27_103649_create_listing_reports_table ............... 163.34ms DONE
  2024_12_27_105156_create_listing_price_histories_table ........ 73.77ms DONE
  2024_12_27_105256_create_listing_favorites_table ............. 137.74ms DONE
  2024_12_27_113853_create_listing_analytics_table .............. 49.70ms DONE
  2024_12_27_113854_create_listing_images_table ................ 162.41ms DONE
  2024_12_27_113855_create_listing_payment_services_table ...... 171.35ms DONE
  2025_01_27_113059_create_terms_table .......................... 81.53ms DONE
  2025_01_30_175741_create_test_table ........................... 13.44ms DONE
  2025_01_30_180110_create_test2_table ........................... 9.06ms DONE
  2025_01_30_180710_create_test3_table ........................... 8.94ms DONE
  2025_01_30_181746_drop_test_table .............................. 6.57ms DONE
  2025_01_30_181755_drop_test2_table ............................. 8.65ms DONE
  2025_01_30_181802_drop_test3_table ............................. 7.33ms DONE
  2025_01_31_151223_create_stories_table ....................... 480.57ms DONE


   INFO  Seeding database.

  Database\Seeders\UserSeeder ........................................ RUNNING
  Database\Seeders\UserSeeder ................................. 18,150 ms DONE

  Database\Seeders\SettingSeeder ..................................... RUNNING
  Database\Seeders\SettingSeeder .................................. 67 ms DONE

  Database\Seeders\PermissionSeeder .................................. RUNNING
  Database\Seeders\PermissionSeeder .............................. 175 ms DONE

  Database\Seeders\TranslationSeeder ................................. RUNNING
  Database\Seeders\TranslationSeeder ............................. 194 ms DONE

  Database\Seeders\SeoLinkSeeder ..................................... RUNNING
  Database\Seeders\SeoLinkSeeder .................................. 46 ms DONE

  Database\Seeders\ActivityLogSeeder ................................. RUNNING
✅ 2500+ log uğurla yaradıldı!
+-------+-----------+-----------+---------+---------+
| Ümumi | Yaradılma | Yenilənmə | Silinmə | Xətalar |
+-------+-----------+-----------+---------+---------+
| 490   | 40        | 180       | 50      | 164     |
+-------+-----------+-----------+---------+---------+
  Database\Seeders\ActivityLogSeeder ........................... 8,593 ms DONE

  Database\Seeders\VotingSystemSeeder ................................ RUNNING
  Database\Seeders\VotingSystemSeeder ............................. 33 ms DONE

  Database\Seeders\BlockedCredentialSeeder ........................... RUNNING
BlockedCredential seed prosesi uğurla tamamlandı!
  Database\Seeders\BlockedCredentialSeeder ........................ 45 ms DONE

  Database\Seeders\PaymentServiceSeeder .............................. RUNNING
  Database\Seeders\PaymentServiceSeeder ........................... 94 ms DONE

  Database\Seeders\StorySeeder ....................................... RUNNING
+-----------------+-------+
| Metric          | Value |
+-----------------+-------+
| Total Stories   | 40    |
| Active Stories  | 34    |
| Store Stories   | 0     |
| Regular Stories | 0     |
| Total Views     | 515   |
| Average Views   | 12.88 |
+-----------------+-------+
  Database\Seeders\StorySeeder ................................... 544 ms DONE

  Database\Seeders\CompanyOptionsSeeder .............................. RUNNING
  Database\Seeders\CompanyOptionsSeeder .......................... 168 ms DONE

  Database\Seeders\LocationSeeder .................................... RUNNING
  Database\Seeders\LocationSeeder ................................ 750 ms DONE

  Database\Seeders\AttributeSeeder ................................... RUNNING
  Database\Seeders\AttributeSeeder ............................. 1,155 ms DONE

  Database\Seeders\CategorySeeder .................................... RUNNING
  Database\Seeders\CategorySeeder ................................ 793 ms DONE

  Database\Seeders\CompanySeeder ..................................... RUNNING
  Database\Seeders\CompanySeeder ............................... 1,231 ms DONE

  Database\Seeders\ListingSeeder ..................................... RUNNING
  Database\Seeders\ListingSeeder .............................. 43,212 ms DONE

  Database\Seeders\ReferralSeeder .................................... RUNNING
  Database\Seeders\ReferralSeeder ................................ 851 ms DONE

  Database\Seeders\CommentSeeder ..................................... RUNNING
Created 66 user profile comments
Created 142 listing comments
Created 62 company comments
Comments seeded successfully!
  Database\Seeders\CommentSeeder ................................. 544 ms DONE

  Database\Seeders\FinanceSeeder ..................................... RUNNING
  Database\Seeders\FinanceSeeder ................................. 308 ms DONE

  Database\Seeders\PaymentSeeder ..................................... RUNNING
  Database\Seeders\PaymentSeeder ................................. 433 ms DONE

  Database\Seeders\ComplaintSeeder ................................... RUNNING
  Database\Seeders\ComplaintSeeder ............................. 8,775 ms DONE

Update process completed successfully!
